// Jest Snapshot v1, https://goo.gl/fbAQLP

exports[`Google actions GoogleLogin returns SUCCESS when done 1`] = `
Array [
  Object {
    "reason": "Kollar vem du Ã¤r",
    "sender": "GoogleLogin",
    "type": "APP = BUSY LOADING",
  },
  Object {
    "isLoggedIn": true,
    "type": "LOGIN_SUCCESS",
    "user": User {
      "accessToken": "id",
      "autologin": false,
      "email": null,
      "name": "test",
      "password": null,
      "picture": "http://www.crossplatform,se/",
      "type": "Google",
      "username": null,
    },
  },
  Object {
    "reason": "Friskar upp minnet",
    "sender": "SaveByKey",
    "type": "APP = BUSY LOADING",
  },
  Object {
    "key": "STORAGE KEY = USER",
    "type": "STORAGE = SAVED KEY",
    "value": User {
      "accessToken": "id",
      "autologin": false,
      "email": null,
      "name": "test",
      "password": null,
      "picture": "http://www.crossplatform,se/",
      "type": "Google",
      "username": null,
    },
  },
  Object {
    "exception": null,
    "reason": null,
    "sender": "SaveByKey",
    "type": "APP NO ERROR",
  },
  Object {
    "reason": null,
    "sender": "SaveByKey",
    "type": "APP = DONE LOADING",
  },
  Object {
    "exception": null,
    "reason": null,
    "sender": "GoogleLogin",
    "type": "APP NO ERROR",
  },
  Object {
    "reason": null,
    "sender": "GoogleLogin",
    "type": "APP = DONE LOADING",
  },
]
`;
