// Jest Snapshot v1, https://goo.gl/fbAQLP

exports[`StorageReducer should return initial state 1`] = `
Object {
  "key": null,
  "type": null,
  "value": null,
}
`;
