// Jest Snapshot v1, https://goo.gl/fbAQLP

exports[`Book Book returns ADDED 1`] = `
Array [
  Object {
    "booking": Booking {
      "adress": "Någongata 37",
      "lessee": Object {
        "firstName": "Martin",
        "lastName": "Ström",
      },
      "location": Object {
        "lat": 1203,
        "lon": 201,
      },
      "timeperiod": Object {
        "timeEnd": "2018-03-28T13:16:53.332Z",
        "timeStart": "2018-03-28T13:16:53.332Z",
      },
      "vehicle": Object {
        "regNumber": "AAA123",
        "vehicleModel": "Volvo",
        "vehicleType": "SUV",
      },
    },
    "type": "BOOKING_ADDED",
  },
]
`;
