// Jest Snapshot v1, https://goo.gl/fbAQLP

exports[`BookReducer should return initial state 1`] = `
Object {
  "booking": null,
}
`;
