// Jest Snapshot v1, https://goo.gl/fbAQLP

exports[`App actions AppLoadingChanged dispatches busy reason 1`] = `
Array [
  Object {
    "createAd": Object {
      "fromDate": "2018-03-27T13:40:21.283Z",
      "toDate": "2018-03-27T14:40:21.283Z",
    },
    "type": "CREATE DID SUCCESS",
  },
]
`;
