// Jest Snapshot v1, https://goo.gl/fbAQLP

exports[`components Main should render self and subcomponents 1`] = `
ShallowWrapper {
  "length": 1,
  Symbol(enzyme.__root__): [Circular],
  Symbol(enzyme.__unrendered__): <AdBook
    login={
      Object {
        "isLoggedIn": false,
        "user": null,
      }
    }
  />,
  Symbol(enzyme.__renderer__): Object {
    "batchedUpdates": [Function],
    "getNode": [Function],
    "render": [Function],
    "simulateEvent": [Function],
    "unmount": [Function],
  },
  Symbol(enzyme.__node__): Object {
    "instance": null,
    "key": undefined,
    "nodeType": "function",
    "props": Object {
      "children": <View
        style={
          Object {
            "flex": 1,
          }
        }
      >
        <UNDEFINED
          items={
            Object {
              "2018-05-22": Array [
                Object {
                  "text": "item 1 - any js object",
                },
              ],
              "2018-05-23": Array [
                Object {
                  "text": "item 2 - any js object",
                },
              ],
              "2018-05-24": Array [],
              "2018-05-25": Array [
                Object {
                  "text": "item 3 - any js object",
                },
                Object {
                  "text": "any js object",
                },
              ],
            }
          }
          style={Object {}}
        />
      </View>,
      "hideClose": true,
    },
    "ref": null,
    "rendered": Object {
      "instance": null,
      "key": undefined,
      "nodeType": "class",
      "props": Object {
        "children": <UNDEFINED
          items={
            Object {
              "2018-05-22": Array [
                Object {
                  "text": "item 1 - any js object",
                },
              ],
              "2018-05-23": Array [
                Object {
                  "text": "item 2 - any js object",
                },
              ],
              "2018-05-24": Array [],
              "2018-05-25": Array [
                Object {
                  "text": "item 3 - any js object",
                },
                Object {
                  "text": "any js object",
                },
              ],
            }
          }
          style={Object {}}
        />,
        "style": Object {
          "flex": 1,
        },
      },
      "ref": null,
      "rendered": Object {
        "instance": null,
        "key": undefined,
        "nodeType": "function",
        "props": Object {
          "items": Object {
            "2018-05-22": Array [
              Object {
                "text": "item 1 - any js object",
              },
            ],
            "2018-05-23": Array [
              Object {
                "text": "item 2 - any js object",
              },
            ],
            "2018-05-24": Array [],
            "2018-05-25": Array [
              Object {
                "text": "item 3 - any js object",
              },
              Object {
                "text": "any js object",
              },
            ],
          },
          "style": Object {},
        },
        "ref": null,
        "rendered": null,
        "type": undefined,
      },
      "type": [Function],
    },
    "type": [Function],
  },
  Symbol(enzyme.__nodes__): Array [
    Object {
      "instance": null,
      "key": undefined,
      "nodeType": "function",
      "props": Object {
        "children": <View
          style={
            Object {
              "flex": 1,
            }
          }
        >
          <UNDEFINED
            items={
              Object {
                "2018-05-22": Array [
                  Object {
                    "text": "item 1 - any js object",
                  },
                ],
                "2018-05-23": Array [
                  Object {
                    "text": "item 2 - any js object",
                  },
                ],
                "2018-05-24": Array [],
                "2018-05-25": Array [
                  Object {
                    "text": "item 3 - any js object",
                  },
                  Object {
                    "text": "any js object",
                  },
                ],
              }
            }
            style={Object {}}
          />
        </View>,
        "hideClose": true,
      },
      "ref": null,
      "rendered": Object {
        "instance": null,
        "key": undefined,
        "nodeType": "class",
        "props": Object {
          "children": <UNDEFINED
            items={
              Object {
                "2018-05-22": Array [
                  Object {
                    "text": "item 1 - any js object",
                  },
                ],
                "2018-05-23": Array [
                  Object {
                    "text": "item 2 - any js object",
                  },
                ],
                "2018-05-24": Array [],
                "2018-05-25": Array [
                  Object {
                    "text": "item 3 - any js object",
                  },
                  Object {
                    "text": "any js object",
                  },
                ],
              }
            }
            style={Object {}}
          />,
          "style": Object {
            "flex": 1,
          },
        },
        "ref": null,
        "rendered": Object {
          "instance": null,
          "key": undefined,
          "nodeType": "function",
          "props": Object {
            "items": Object {
              "2018-05-22": Array [
                Object {
                  "text": "item 1 - any js object",
                },
              ],
              "2018-05-23": Array [
                Object {
                  "text": "item 2 - any js object",
                },
              ],
              "2018-05-24": Array [],
              "2018-05-25": Array [
                Object {
                  "text": "item 3 - any js object",
                },
                Object {
                  "text": "any js object",
                },
              ],
            },
            "style": Object {},
          },
          "ref": null,
          "rendered": null,
          "type": undefined,
        },
        "type": [Function],
      },
      "type": [Function],
    },
  ],
  Symbol(enzyme.__options__): Object {
    "adapter": ReactSixteenAdapter {
      "options": Object {
        "enableComponentDidUpdateOnSetState": true,
      },
    },
  },
}
`;
