// Jest Snapshot v1, https://goo.gl/fbAQLP

exports[`GeocodingReducer should return the initial state 1`] = `
Object {
  "results": null,
}
`;
